
> frontend@0.1.0 test
> react-scripts test --coverage --watchAll=false

PASS src/services/llm-api.test.tsx
PASS src/services/api.comprehensive.test.tsx
PASS src/components/Sidebar.test.tsx
PASS src/components/ImagePuzzleSetup.test.tsx
PASS src/components/ImagePuzzleSetup.provider.test.tsx
PASS src/components/RecommendationDisplay.test.tsx
PASS src/components/ErrorMessage.test.tsx
PASS src/component_integration.test.tsx
PASS src/tests/integration/test_enhanced_llm_correct_sends_llm_words.test.tsx
PASS src/components/GameSummary.test.tsx
PASS src/FullApplicationFlow.test.tsx
PASS src/components/LoadingIndicator.test.tsx
FAIL src/tests/e2e/test_full_application_flow.test.tsx
  ● Full Application Flow E2E Tests › Basic Application Flow › renders application and shows basic UI elements

    TestingLibraryElementError: Found multiple elements with the text: /game/i

    Here are the matching elements:

    Ignored nodes: comments, script, style
    [36m<span[39m
      [33mclass[39m=[32m"navigation-item-label"[39m
    [36m>[39m
      [0mStart New Game[0m
    [36m</span>[39m

    Ignored nodes: comments, script, style
    [36m<span[39m
      [33mclass[39m=[32m"navigation-item-label"[39m
    [36m>[39m
      [0mGame History[0m
    [36m</span>[39m

    (If this is intentional, then use the `*AllBy*` variant of the query (like `queryAllByText`, `getAllByText`, or `findAllByText`)).

    Ignored nodes: comments, script, style
    [36m<body>[39m
      [36m<div>[39m
        [36m<div[39m
          [33mclass[39m=[32m"App"[39m
        [36m>[39m
          [36m<header[39m
            [33mclass[39m=[32m"App-header"[39m
          [36m>[39m
            [36m<h1>[39m
              [0mNYT Connections Puzzle Assistant[0m
            [36m</h1>[39m
          [36m</header>[39m
          [36m<nav[39m
            [33maria-label[39m=[32m"Main Navigation"[39m
            [33mclass[39m=[32m"sidebar"[39m
          [36m>[39m
            [36m<div[39m
              [33mclass[39m=[32m"navigation-item level-0 expandable"[39m
            [36m>[39m
              [36m<button[39m
                [33maria-expanded[39m=[32m"true"[39m
                [33mclass[39m=[32m"navigation-item-button"[39m
                [33mtype[39m=[32m"button"[39m
              [36m>[39m
                [36m<span[39m
                  [33mclass[39m=[32m"navigation-item-label"[39m
                [36m>[39m
                  [0mStart New Game[0m
                [36m</span>[39m
                [36m<span[39m
                  [33mclass[39m=[32m"navigation-item-chevron expanded"[39m
                [36m>[39m
                  [0m▶[0m
                [36m</span>[39m
              [36m</button>[39m
              [36m<div[39m
                [33mclass[39m=[32m"navigation-item-children expanded"[39m
              [36m>[39m
                [36m<div[39m
                  [33mclass[39m=[32m"navigation-item level-1 action-item"[39m
                [36m>[39m
                  [36m<button[39m
                    [33mclass[39m=[32m"navigation-item-button"[39m
                    [33mtype[39m=[32m"button"[39m
                  [36m>[39m
                    [36m<span[39m
                      [33mclass[39m=[32m"navigation-item-label"[39m
                    [36m>[39m
                      [0mFrom File[0m
                    [36m</span>[39m
                  [36m</button>[39m
                [36m</div>[39m
                [36m<div[39m
                  [33mclass[39m=[32m"navigation-item level-1 action-item"[39m
                [36m>[39m
                  [36m<button[39m
                    [33mclass[39m=[32m"navigation-item-button"[39m
                    [33mtype[39m=[32m"button"[39m
                  [36m>[39m
                    [36m<span[39m
                      [33mclass[39m=[32m"navigation-item-label"[39m
                    [36m>[39m
                      [0mFrom Image[0m
                    [36m</span>[39m
                  [36m</button>[39m
                [36m</div>[39m
              [36m</div>[39m
            [36m</div>[39m
            [36m<div[39m
              [33mclass[39m=[32m"navigation-item level-0 expandable"[39m
            [36m>[39m
              [36m<button[39m
                [33maria-expanded[39m=[32m"false"[39m
                [33mclass[39m=[32m"navigation-item-button"[39m
                [33mtype[39m=[32m"button"[39m
              [36m>[39m
                [36m<span[39m
                  [33mclass[39m=[32m"navigation-item-label"[39m
                [36m>[39m
                  [0mGame History[0m
                [36m</span>[39m
                [36m<span[39m
                  [33mclass[39m=[32m"navigation-item-chevron "[39m
                [36m>[39m
                  [0m▶[0m
                [36m</span>[39m
              [36m</button>[39m
            [36m</div>[39m
          [36m</nav>[39m
          [36m<main[39m
            [33mclass[39m=[32m"App-main"[39m
            [33mrole[39m=[32m"main"[39m
          [36m>[39m
            [36m<div[39m
              [33mclass[39m=[32m"welcome-message"[39m
            [36m>[39m
              [36m<p>[39m
                [0mSelect action in Left Side Bar[0m
              [36m</p>[39m
            [36m</div>[39m
          [36m</main>[39m
        [36m</div>[39m
      [36m</div>[39m
    [36m</body>[39m

      65 |         screen.queryByText(/connections/i),
      66 |         screen.queryAllByText(/puzzle/i),
    > 67 |         screen.queryByText(/game/i),
         |                ^
      68 |         screen.queryAllByRole('button'),
      69 |         screen.queryByRole('textbox'),
      70 |         screen.queryByRole('main'),

      at Object.getElementError (node_modules/@testing-library/dom/dist/config.js:37:19)
      at getElementError (node_modules/@testing-library/dom/dist/query-helpers.js:20:35)
      at getMultipleElementsFoundError (node_modules/@testing-library/dom/dist/query-helpers.js:23:10)
      at node_modules/@testing-library/dom/dist/query-helpers.js:55:13
      at queryByText (node_modules/@testing-library/dom/dist/query-helpers.js:95:19)
      at Object.<anonymous> (src/tests/e2e/test_full_application_flow.test.tsx:67:16)

PASS src/tests/integration/test_correct_button_sends_attempt_words.test.tsx
PASS src/tests/integration/GameHistoryTable.test.tsx
PASS src/components/NavigationItem.test.tsx
PASS src/components/FileUpload.validation.test.tsx
PASS src/components/ImagePuzzleSetup.error.test.tsx
PASS src/tests/integration/ExportCSVButton.test.tsx
PASS src/services/api.test.tsx
PASS src/components/App.test.tsx
PASS src/tests/integration/test_navigation_flow.test.tsx
PASS src/components/__tests__/EnhancedPuzzleInterface.test.tsx
PASS src/App.test.tsx
PASS src/components/LLMProviderInput.test.tsx
------------------------------|---------|----------|---------|---------|-------------------------------------------------------------------------------------------------------------
File                          | % Stmts | % Branch | % Funcs | % Lines | Uncovered Line #s                                                                                           
------------------------------|---------|----------|---------|---------|-------------------------------------------------------------------------------------------------------------
All files                     |   74.57 |    71.95 |   72.53 |    75.6 |                                                                                                             
 src                          |   47.69 |    28.57 |    37.5 |   50.84 |                                                                                                             
  App.tsx                     |    57.4 |    33.33 |   42.85 |    62.5 | 50-51,57,85,95-113,118,130-165,208,234                                                                      
  index.tsx                   |       0 |      100 |     100 |       0 | 7-19                                                                                                        
  reportWebVitals.ts          |       0 |        0 |       0 |       0 | 3-10                                                                                                        
 src/components               |   75.29 |    73.05 |   73.75 |   76.24 |                                                                                                             
  EnhancedPuzzleInterface.tsx |   59.66 |    57.03 |      50 |   62.16 | 78-80,86-92,106,111-112,131-135,163,184-190,202,211,219,224,230-234,242-244,286,301-315,331,344-354,377-428 
  ErrorMessage.tsx            |   91.17 |    93.02 |     100 |   93.93 | 64,79                                                                                                       
  ExportCSVButton.tsx         |   76.47 |    83.33 |      50 |   76.47 | 37-44,60                                                                                                    
  FileUpload.tsx              |   64.58 |    70.37 |   71.42 |   64.58 | 27,32-33,50-56,61-63,71,83-87                                                                               
  GameHistoryTable.tsx        |   96.42 |       75 |     100 |   96.42 | 81                                                                                                          
  GameSummary.tsx             |   79.16 |    86.48 |   83.33 |   81.81 | 52-55                                                                                                       
  ImagePuzzleSetup.tsx        |   83.33 |    73.13 |   77.27 |      85 | 93-94,163,173-174,195,221-223,233,235,237,239,241,336                                                       
  LLMProviderInput.tsx        |    97.5 |    97.61 |     100 |   96.96 | 87                                                                                                          
  LoadingIndicator.tsx        |   97.67 |    97.22 |     100 |   97.43 | 95                                                                                                          
  NavigationItem.tsx          |     100 |    95.45 |     100 |     100 | 33                                                                                                          
  PuzzleInterface.tsx         |   62.22 |    60.71 |   57.89 |    67.5 | 45,52-56,116-146,158,178-186                                                                                
  RecommendationDisplay.tsx   |   97.14 |    94.87 |     100 |   96.77 | 65                                                                                                          
  RecordGameButton.tsx        |    3.12 |        0 |       0 |    3.12 | 24-83                                                                                                       
  Sidebar.tsx                 |      90 |      100 |   71.42 |      90 | 45,77                                                                                                       
 src/pages                    |      50 |      100 |       0 |      50 |                                                                                                             
  GameHistoryPage.tsx         |      50 |      100 |       0 |      50 | 14                                                                                                          
 src/services                 |   82.41 |    76.72 |    93.1 |   82.58 |                                                                                                             
  api.ts                      |     100 |      100 |     100 |     100 |                                                                                                             
  gameResultsService.ts       |   41.17 |       25 |      75 |   41.17 | 80-145,165,174,207-211                                                                                      
  llm-api.ts                  |   96.42 |    90.62 |    90.9 |   98.18 | 58                                                                                                          
 src/types                    |   71.42 |      100 |      50 |   71.42 |                                                                                                             
  api.ts                      |       0 |      100 |     100 |       0 | 82-105                                                                                                      
  llm-provider.ts             |       0 |        0 |       0 |       0 |                                                                                                             
  navigation.ts               |     100 |      100 |     100 |     100 |                                                                                                             
  puzzle.ts                   |   78.57 |      100 |      25 |   78.57 | 159,163,167                                                                                                 
  recommendation.ts           |       0 |        0 |       0 |       0 |                                                                                                             
------------------------------|---------|----------|---------|---------|-------------------------------------------------------------------------------------------------------------

Summary of all failing tests
FAIL src/tests/e2e/test_full_application_flow.test.tsx
  ● Full Application Flow E2E Tests › Basic Application Flow › renders application and shows basic UI elements

    TestingLibraryElementError: Found multiple elements with the text: /game/i

    Here are the matching elements:

    Ignored nodes: comments, script, style
    [36m<span[39m
      [33mclass[39m=[32m"navigation-item-label"[39m
    [36m>[39m
      [0mStart New Game[0m
    [36m</span>[39m

    Ignored nodes: comments, script, style
    [36m<span[39m
      [33mclass[39m=[32m"navigation-item-label"[39m
    [36m>[39m
      [0mGame History[0m
    [36m</span>[39m

    (If this is intentional, then use the `*AllBy*` variant of the query (like `queryAllByText`, `getAllByText`, or `findAllByText`)).

    Ignored nodes: comments, script, style
    [36m<body>[39m
      [36m<div>[39m
        [36m<div[39m
          [33mclass[39m=[32m"App"[39m
        [36m>[39m
          [36m<header[39m
            [33mclass[39m=[32m"App-header"[39m
          [36m>[39m
            [36m<h1>[39m
              [0mNYT Connections Puzzle Assistant[0m
            [36m</h1>[39m
          [36m</header>[39m
          [36m<nav[39m
            [33maria-label[39m=[32m"Main Navigation"[39m
            [33mclass[39m=[32m"sidebar"[39m
          [36m>[39m
            [36m<div[39m
              [33mclass[39m=[32m"navigation-item level-0 expandable"[39m
            [36m>[39m
              [36m<button[39m
                [33maria-expanded[39m=[32m"true"[39m
                [33mclass[39m=[32m"navigation-item-button"[39m
                [33mtype[39m=[32m"button"[39m
              [36m>[39m
                [36m<span[39m
                  [33mclass[39m=[32m"navigation-item-label"[39m
                [36m>[39m
                  [0mStart New Game[0m
                [36m</span>[39m
                [36m<span[39m
                  [33mclass[39m=[32m"navigation-item-chevron expanded"[39m
                [36m>[39m
                  [0m▶[0m
                [36m</span>[39m
              [36m</button>[39m
              [36m<div[39m
                [33mclass[39m=[32m"navigation-item-children expanded"[39m
              [36m>[39m
                [36m<div[39m
                  [33mclass[39m=[32m"navigation-item level-1 action-item"[39m
                [36m>[39m
                  [36m<button[39m
                    [33mclass[39m=[32m"navigation-item-button"[39m
                    [33mtype[39m=[32m"button"[39m
                  [36m>[39m
                    [36m<span[39m
                      [33mclass[39m=[32m"navigation-item-label"[39m
                    [36m>[39m
                      [0mFrom File[0m
                    [36m</span>[39m
                  [36m</button>[39m
                [36m</div>[39m
                [36m<div[39m
                  [33mclass[39m=[32m"navigation-item level-1 action-item"[39m
                [36m>[39m
                  [36m<button[39m
                    [33mclass[39m=[32m"navigation-item-button"[39m
                    [33mtype[39m=[32m"button"[39m
                  [36m>[39m
                    [36m<span[39m
                      [33mclass[39m=[32m"navigation-item-label"[39m
                    [36m>[39m
                      [0mFrom Image[0m
                    [36m</span>[39m
                  [36m</button>[39m
                [36m</div>[39m
              [36m</div>[39m
            [36m</div>[39m
            [36m<div[39m
              [33mclass[39m=[32m"navigation-item level-0 expandable"[39m
            [36m>[39m
              [36m<button[39m
                [33maria-expanded[39m=[32m"false"[39m
                [33mclass[39m=[32m"navigation-item-button"[39m
                [33mtype[39m=[32m"button"[39m
              [36m>[39m
                [36m<span[39m
                  [33mclass[39m=[32m"navigation-item-label"[39m
                [36m>[39m
                  [0mGame History[0m
                [36m</span>[39m
                [36m<span[39m
                  [33mclass[39m=[32m"navigation-item-chevron "[39m
                [36m>[39m
                  [0m▶[0m
                [36m</span>[39m
              [36m</button>[39m
            [36m</div>[39m
          [36m</nav>[39m
          [36m<main[39m
            [33mclass[39m=[32m"App-main"[39m
            [33mrole[39m=[32m"main"[39m
          [36m>[39m
            [36m<div[39m
              [33mclass[39m=[32m"welcome-message"[39m
            [36m>[39m
              [36m<p>[39m
                [0mSelect action in Left Side Bar[0m
              [36m</p>[39m
            [36m</div>[39m
          [36m</main>[39m
        [36m</div>[39m
      [36m</div>[39m
    [36m</body>[39m

      65 |         screen.queryByText(/connections/i),
      66 |         screen.queryAllByText(/puzzle/i),
    > 67 |         screen.queryByText(/game/i),
         |                ^
      68 |         screen.queryAllByRole('button'),
      69 |         screen.queryByRole('textbox'),
      70 |         screen.queryByRole('main'),

      at Object.getElementError (node_modules/@testing-library/dom/dist/config.js:37:19)
      at getElementError (node_modules/@testing-library/dom/dist/query-helpers.js:20:35)
      at getMultipleElementsFoundError (node_modules/@testing-library/dom/dist/query-helpers.js:23:10)
      at node_modules/@testing-library/dom/dist/query-helpers.js:55:13
      at queryByText (node_modules/@testing-library/dom/dist/query-helpers.js:95:19)
      at Object.<anonymous> (src/tests/e2e/test_full_application_flow.test.tsx:67:16)


Test Suites: 1 failed, 24 passed, 25 total
Tests:       1 failed, 488 passed, 489 total
Snapshots:   0 total
Time:        5.471 s
Ran all test suites.
